[    0.000000] Linux version 4.15.0-121-generic (buildd@lgw01-amd64-034) (gcc version 7.5.0 (Ubuntu 7.5.0-3ubuntu1~18.04)) #123-Ubuntu SMP Mon Oct 5 16:16:40 UTC 2020 (Ubuntu 4.15.0-121.123-generic 4.15.18)
[    0.000000] Command line: BOOT_IMAGE=/boot/vmlinuz-4.15.0-121-generic root=LABEL=cloudimg-rootfs ro console=tty1 console=ttyS0
[    0.000000] KERNEL supported cpus:
[    0.000000]   Intel GenuineIntel
[    0.000000]   AMD AuthenticAMD
[    0.000000]   Centaur CentaurHauls
[    0.000000] x86/fpu: Supporting XSAVE feature 0x001: 'x87 floating point registers'
[    0.000000] x86/fpu: Supporting XSAVE feature 0x002: 'SSE registers'
[    0.000000] x86/fpu: Supporting XSAVE feature 0x004: 'AVX registers'
[    0.000000] x86/fpu: xstate_offset[2]:  576, xstate_sizes[2]:  256
[    0.000000] x86/fpu: Enabled xstate features 0x7, context size is 832 bytes, using 'standard' format.
[    0.000000] e820: BIOS-provided physical RAM map:
[    0.000000] BIOS-e820: [mem 0x0000000000000000-0x000000000009fbff] usable
[    0.000000] BIOS-e820: [mem 0x000000000009fc00-0x000000000009ffff] reserved
[    0.000000] BIOS-e820: [mem 0x00000000000f0000-0x00000000000fffff] reserved
[    0.000000] BIOS-e820: [mem 0x0000000000100000-0x000000001ffeffff] usable
[    0.000000] BIOS-e820: [mem 0x000000001fff0000-0x000000001fffffff] ACPI data
[    0.000000] BIOS-e820: [mem 0x00000000fec00000-0x00000000fec00fff] reserved
[    0.000000] BIOS-e820: [mem 0x00000000fee00000-0x00000000fee00fff] reserved
[    0.000000] BIOS-e820: [mem 0x00000000fffc0000-0x00000000ffffffff] reserved
[    0.000000] NX (Execute Disable) protection: active
[    0.000000] SMBIOS 2.5 present.
[    0.000000] DMI: innotek GmbH VirtualBox/VirtualBox, BIOS VirtualBox 12/01/2006
[    0.000000] Hypervisor detected: KVM
[    0.000000] e820: last_pfn = 0x1fff0 max_arch_pfn = 0x400000000
[    0.000000] MTRR: Disabled
[    0.000000] x86/PAT: MTRRs disabled, skipping PAT initialization too.
[    0.000000] CPU MTRRs all blank - virtualized system.
[    0.000000] x86/PAT: Configuration [0-7]: WB  WT  UC- UC  WB  WT  UC- UC  
[    0.000000] found SMP MP-table at [mem 0x0009fff0-0x0009ffff]
[    0.000000] Scanning 1 areas for low memory corruption
[    0.000000] RAMDISK: [mem 0x1db1f000-0x1ede2fff]
[    0.000000] ACPI: Early table checksum verification disabled
[    0.000000] ACPI: RSDP 0x00000000000E0000 000024 (v02 VBOX  )
[    0.000000] ACPI: XSDT 0x000000001FFF0030 00003C (v01 VBOX   VBOXXSDT 00000001 ASL  00000061)
[    0.000000] ACPI: FACP 0x000000001FFF00F0 0000F4 (v04 VBOX   VBOXFACP 00000001 ASL  00000061)
[    0.000000] ACPI: DSDT 0x000000001FFF0470 002325 (v02 VBOX   VBOXBIOS 00000002 INTL 20100528)
[    0.000000] ACPI: FACS 0x000000001FFF0200 000040
[    0.000000] ACPI: FACS 0x000000001FFF0200 000040
[    0.000000] ACPI: APIC 0x000000001FFF0240 000054 (v02 VBOX   VBOXAPIC 00000001 ASL  00000061)
[    0.000000] ACPI: SSDT 0x000000001FFF02A0 0001CC (v01 VBOX   VBOXCPUT 00000002 INTL 20100528)
[    0.000000] No NUMA configuration found
[    0.000000] Faking a node at [mem 0x0000000000000000-0x000000001ffeffff]
[    0.000000] NODE_DATA(0) allocated [mem 0x1ffc5000-0x1ffeffff]
[    0.000000] kvm-clock: cpu 0, msr 0:1ff44001, primary cpu clock
[    0.000000] kvm-clock: Using msrs 4b564d01 and 4b564d00
[    0.000000] kvm-clock: using sched offset of 3694599426 cycles
[    0.000000] clocksource: kvm-clock: mask: 0xffffffffffffffff max_cycles: 0x1cd42e4dffb, max_idle_ns: 881590591483 ns
[    0.000000] Zone ranges:
[    0.000000]   DMA      [mem 0x0000000000001000-0x0000000000ffffff]
[    0.000000]   DMA32    [mem 0x0000000001000000-0x000000001ffeffff]
[    0.000000]   Normal   empty
[    0.000000]   Device   empty
[    0.000000] Movable zone start for each node
[    0.000000] Early memory node ranges
[    0.000000]   node   0: [mem 0x0000000000001000-0x000000000009efff]
[    0.000000]   node   0: [mem 0x0000000000100000-0x000000001ffeffff]
[    0.000000] Reserved but unavailable: 98 pages
[    0.000000] Initmem setup node 0 [mem 0x0000000000001000-0x000000001ffeffff]
[    0.000000] ACPI: PM-Timer IO Port: 0x4008
[    0.000000] IOAPIC[0]: apic_id 1, version 32, address 0xfec00000, GSI 0-23
[    0.000000] ACPI: INT_SRC_OVR (bus 0 bus_irq 0 global_irq 2 dfl dfl)
[    0.000000] ACPI: INT_SRC_OVR (bus 0 bus_irq 9 global_irq 9 low level)
[    0.000000] Using ACPI (MADT) for SMP configuration information
[    0.000000] smpboot: Allowing 1 CPUs, 0 hotplug CPUs
[    0.000000] PM: Registered nosave memory: [mem 0x00000000-0x00000fff]
[    0.000000] PM: Registered nosave memory: [mem 0x0009f000-0x0009ffff]
[    0.000000] PM: Registered nosave memory: [mem 0x000a0000-0x000effff]
[    0.000000] PM: Registered nosave memory: [mem 0x000f0000-0x000fffff]
[    0.000000] e820: [mem 0x20000000-0xfebfffff] available for PCI devices
[    0.000000] Booting paravirtualized kernel on KVM
[    0.000000] clocksource: refined-jiffies: mask: 0xffffffff max_cycles: 0xffffffff, max_idle_ns: 7645519600211568 ns
[    0.000000] random: get_random_bytes called from start_kernel+0x99/0x500 with crng_init=0
[    0.000000] setup_percpu: NR_CPUS:8192 nr_cpumask_bits:1 nr_cpu_ids:1 nr_node_ids:1
[    0.000000] percpu: Embedded 45 pages/cpu s147456 r8192 d28672 u2097152
[    0.000000] PV qspinlock hash table entries: 256 (order: 0, 4096 bytes)
[    0.000000] Built 1 zonelists, mobility grouping on.  Total pages: 128889
[    0.000000] Policy zone: DMA32
[    0.000000] Kernel command line: BOOT_IMAGE=/boot/vmlinuz-4.15.0-121-generic root=LABEL=cloudimg-rootfs ro console=tty1 console=ttyS0
[    0.000000] Memory: 467116K/523832K available (12300K kernel code, 2482K rwdata, 4272K rodata, 2436K init, 2724K bss, 56716K reserved, 0K cma-reserved)
[    0.000000] SLUB: HWalign=64, Order=0-3, MinObjects=0, CPUs=1, Nodes=1
[    0.000000] Kernel/User page tables isolation: enabled
[    0.000000] ftrace: allocating 39402 entries in 154 pages
[    0.004000] Hierarchical RCU implementation.
[    0.004000] 	RCU restricting CPUs from NR_CPUS=8192 to nr_cpu_ids=1.
[    0.004000] 	Tasks RCU enabled.
[    0.004000] RCU: Adjusting geometry for rcu_fanout_leaf=16, nr_cpu_ids=1
[    0.004000] NR_IRQS: 524544, nr_irqs: 256, preallocated irqs: 16
[    0.004000] Console: colour VGA+ 80x25
[    0.004000] console [tty1] enabled
[    0.004000] console [ttyS0] enabled
[    0.004000] ACPI: Core revision 20170831
[    0.004000] ACPI: 2 ACPI AML tables successfully acquired and loaded
[    0.004000] APIC: Switch to symmetric I/O mode setup
[    0.004000] x2apic enabled
[    0.004000] Switched APIC routing to physical x2apic.
[    0.004000] ..TIMER: vector=0x30 apic1=0 pin1=2 apic2=-1 pin2=-1
[    0.004004] tsc: Detected 2591.998 MHz processor
[    0.004831] Calibrating delay loop (skipped) preset value.. 5183.99 BogoMIPS (lpj=10367992)
[    0.005480] pid_max: default: 32768 minimum: 301
[    0.006457] Security Framework initialized
[    0.008002] Yama: becoming mindful.
[    0.008743] AppArmor: AppArmor initialized
[    0.009555] Dentry cache hash table entries: 65536 (order: 7, 524288 bytes)
[    0.012008] Inode-cache hash table entries: 32768 (order: 6, 262144 bytes)
[    0.013289] Mount-cache hash table entries: 1024 (order: 1, 8192 bytes)
[    0.014614] Mountpoint-cache hash table entries: 1024 (order: 1, 8192 bytes)
[    0.016204] process: using mwait in idle threads
[    0.017055] Last level iTLB entries: 4KB 64, 2MB 8, 4MB 8
[    0.018017] Last level dTLB entries: 4KB 64, 2MB 0, 4MB 0, 1GB 4
[    0.020002] Spectre V1 : Mitigation: usercopy/swapgs barriers and __user pointer sanitization
[    0.021524] Spectre V2 : Mitigation: Full generic retpoline
[    0.022731] Spectre V2 : Spectre v2 / SpectreRSB mitigation: Filling RSB on context switch
[    0.024002] Speculative Store Bypass: Vulnerable
[    0.025043] SRBDS: Unknown: Dependent on hypervisor status
[    0.026060] MDS: Mitigation: Clear CPU buffers
[    0.038189] Freeing SMP alternatives memory: 36K
[    0.149606] smpboot: CPU0: Intel(R) Core(TM) i7-9750H CPU @ 2.60GHz (family: 0x6, model: 0x9e, stepping: 0xa)
[    0.152000] Performance Events: unsupported p6 CPU model 158 no PMU driver, software events only.
[    0.152032] Hierarchical SRCU implementation.
[    0.153820] NMI watchdog: Perf event create on CPU 0 failed with -2
[    0.154939] NMI watchdog: Perf NMI watchdog permanently disabled
[    0.156026] smp: Bringing up secondary CPUs ...
[    0.156866] smp: Brought up 1 node, 1 CPU
[    0.157606] smpboot: Max logical packages: 1
[    0.158396] smpboot: Total of 1 processors activated (5183.99 BogoMIPS)
[    0.159671] devtmpfs: initialized
[    0.160040] x86/mm: Memory block size: 128MB
[    0.160902] evm: security.selinux
[    0.161529] evm: security.SMACK64
[    0.162146] evm: security.SMACK64EXEC
[    0.162820] evm: security.SMACK64TRANSMUTE
[    0.164003] evm: security.SMACK64MMAP
[    0.164971] evm: security.apparmor
[    0.165603] evm: security.ima
[    0.166161] evm: security.capability
[    0.167013] clocksource: jiffies: mask: 0xffffffff max_cycles: 0xffffffff, max_idle_ns: 7645041785100000 ns
[    0.168006] futex hash table entries: 256 (order: 2, 16384 bytes)
[    0.169455] pinctrl core: initialized pinctrl subsystem
[    0.170710] RTC time: 13:10:02, date: 10/27/20
[    0.172064] NET: Registered protocol family 16
[    0.172949] audit: initializing netlink subsys (disabled)
[    0.174127] audit: type=2000 audit(1603804207.390:1): state=initialized audit_enabled=0 res=1
[    0.176078] cpuidle: using governor ladder
[    0.176865] cpuidle: using governor menu
[    0.177630] ACPI: bus type PCI registered
[    0.178378] acpiphp: ACPI Hot Plug PCI Controller Driver version: 0.5
[    0.180089] PCI: Using configuration type 1 for base access
[    0.181911] HugeTLB registered 2.00 MiB page size, pre-allocated 0 pages
[    0.183469] ACPI: Added _OSI(Module Device)
[    0.184004] ACPI: Added _OSI(Processor Device)
[    0.184815] ACPI: Added _OSI(3.0 _SCP Extensions)
[    0.185915] ACPI: Added _OSI(Processor Aggregator Device)
[    0.188009] ACPI: Added _OSI(Linux-Dell-Video)
[    0.188837] ACPI: Added _OSI(Linux-Lenovo-NV-HDMI-Audio)
[    0.189774] ACPI: Added _OSI(Linux-HPI-Hybrid-Graphics)
[    0.191071] ACPI: Executed 1 blocks of module-level executable AML code
[    0.194307] ACPI: Interpreter enabled
[    0.194993] ACPI: (supports S0 S5)
[    0.195628] ACPI: Using IOAPIC for interrupt routing
[    0.196223] PCI: Using host bridge windows from ACPI; if necessary, use "pci=nocrs" and report a bug
[    0.198113] ACPI: Enabled 2 GPEs in block 00 to 07
[    0.205841] ACPI: PCI Root Bridge [PCI0] (domain 0000 [bus 00-ff])
[    0.207473] acpi PNP0A03:00: _OSC: OS supports [ASPM ClockPM Segments MSI]
[    0.208329] acpi PNP0A03:00: _OSC: not requesting OS control; OS requires [ExtendedConfig ASPM ClockPM MSI]
[    0.210378] acpi PNP0A03:00: fail to add MMCONFIG information, can't access extended PCI configuration space under this bridge.
[    0.212421] PCI host bridge to bus 0000:00
[    0.213165] pci_bus 0000:00: root bus resource [io  0x0000-0x0cf7 window]
[    0.214633] pci_bus 0000:00: root bus resource [io  0x0d00-0xffff window]
[    0.216002] pci_bus 0000:00: root bus resource [mem 0x000a0000-0x000bffff window]
[    0.217345] pci_bus 0000:00: root bus resource [mem 0x20000000-0xfdffffff window]
[    0.218668] pci_bus 0000:00: root bus resource [bus 00-ff]
[    0.222481] pci 0000:00:01.1: legacy IDE quirk: reg 0x10: [io  0x01f0-0x01f7]
[    0.224003] pci 0000:00:01.1: legacy IDE quirk: reg 0x14: [io  0x03f6]
[    0.225146] pci 0000:00:01.1: legacy IDE quirk: reg 0x18: [io  0x0170-0x0177]
[    0.226811] pci 0000:00:01.1: legacy IDE quirk: reg 0x1c: [io  0x0376]
[    0.237556] pci 0000:00:07.0: quirk: [io  0x4000-0x403f] claimed by PIIX4 ACPI
[    0.239665] pci 0000:00:07.0: quirk: [io  0x4100-0x410f] claimed by PIIX4 SMB
[    0.246638] ACPI: PCI Interrupt Link [LNKA] (IRQs 5 9 10 *11)
[    0.248096] ACPI: PCI Interrupt Link [LNKB] (IRQs 5 9 *10 11)
[    0.249218] ACPI: PCI Interrupt Link [LNKC] (IRQs 5 *9 10 11)
[    0.250340] ACPI: PCI Interrupt Link [LNKD] (IRQs 5 9 10 *11)
[    0.251628] SCSI subsystem initialized
[    0.252088] pci 0000:00:02.0: vgaarb: setting as boot VGA device
[    0.253147] pci 0000:00:02.0: vgaarb: VGA device added: decodes=io+mem,owns=io+mem,locks=none
[    0.254652] pci 0000:00:02.0: vgaarb: bridge control possible
[    0.255667] vgaarb: loaded
[    0.256020] ACPI: bus type USB registered
[    0.256761] usbcore: registered new interface driver usbfs
[    0.257783] usbcore: registered new interface driver hub
[    0.258732] usbcore: registered new device driver usb
[    0.259670] EDAC MC: Ver: 3.0.0
[    0.260301] PCI: Using ACPI for IRQ routing
[    0.261367] NetLabel: Initializing
[    0.262004] NetLabel:  domain hash size = 128
[    0.264001] NetLabel:  protocols = UNLABELED CIPSOv4 CALIPSO
[    0.265103] NetLabel:  unlabeled traffic allowed by default
[    0.266165] clocksource: Switched to clocksource kvm-clock
[    0.276737] VFS: Disk quotas dquot_6.6.0
[    0.277968] VFS: Dquot-cache hash table entries: 512 (order 0, 4096 bytes)
[    0.280143] AppArmor: AppArmor Filesystem Enabled
[    0.281733] pnp: PnP ACPI init
[    0.283470] pnp: PnP ACPI: found 3 devices
[    0.289367] clocksource: acpi_pm: mask: 0xffffff max_cycles: 0xffffff, max_idle_ns: 2085701024 ns
[    0.292718] NET: Registered protocol family 2
[    0.293950] TCP established hash table entries: 4096 (order: 3, 32768 bytes)
[    0.295221] TCP bind hash table entries: 4096 (order: 4, 65536 bytes)
[    0.296458] TCP: Hash tables configured (established 4096 bind 4096)
[    0.297805] UDP hash table entries: 256 (order: 1, 8192 bytes)
[    0.298824] UDP-Lite hash table entries: 256 (order: 1, 8192 bytes)
[    0.299931] NET: Registered protocol family 1
[    0.300762] pci 0000:00:00.0: Limiting direct PCI/PCI transfers
[    0.302024] pci 0000:00:01.0: Activating ISA DMA hang workarounds
[    0.303804] pci 0000:00:02.0: Video device with shadowed ROM at [mem 0x000c0000-0x000dffff]
[    0.305602] Unpacking initramfs...
[    0.558502] Freeing initrd memory: 19216K
[    0.559842] clocksource: tsc: mask: 0xffffffffffffffff max_cycles: 0x255cb518234, max_idle_ns: 440795279333 ns
[    0.561849] platform rtc_cmos: registered platform RTC device (no PNP device found)
[    0.563455] Scanning for low memory corruption every 60 seconds
[    0.565217] Initialise system trusted keyrings
[    0.566021] Key type blacklist registered
[    0.566768] workingset: timestamp_bits=36 max_order=17 bucket_order=0
[    0.569377] zbud: loaded
[    0.570291] squashfs: version 4.0 (2009/01/31) Phillip Lougher
[    0.571386] fuse init (API version 7.26)
[    0.572723] Key type asymmetric registered
[    0.573891] Asymmetric key parser 'x509' registered
[    0.575480] Block layer SCSI generic (bsg) driver version 0.4 loaded (major 246)
[    0.576827] io scheduler noop registered
[    0.577531] io scheduler deadline registered
[    0.578466] io scheduler cfq registered (default)
[    0.579699] ACPI: AC Adapter [AC] (on-line)
[    0.580614] input: Power Button as /devices/LNXSYSTM:00/LNXPWRBN:00/input/input0
[    0.581915] ACPI: Power Button [PWRF]
[    0.582919] input: Sleep Button as /devices/LNXSYSTM:00/LNXSLPBN:00/input/input1
[    0.584206] ACPI: Sleep Button [SLPF]
[    0.585927] ACPI: Battery Slot [BAT0] (battery present)
[    0.586943] Serial: 8250/16550 driver, 32 ports, IRQ sharing enabled
[    0.609088] 00:02: ttyS0 at I/O 0x3f8 (irq = 4, base_baud = 115200) is a 16550A
[    0.613777] Linux agpgart interface v0.103
[    0.615670] loop: module loaded
[    0.616806] scsi host0: ata_piix
[    0.617618] scsi host1: ata_piix
[    0.618477] ata1: PATA max UDMA/33 cmd 0x1f0 ctl 0x3f6 bmdma 0xd000 irq 14
[    0.620299] ata2: PATA max UDMA/33 cmd 0x170 ctl 0x376 bmdma 0xd008 irq 15
[    0.622175] libphy: Fixed MDIO Bus: probed
[    0.622904] tun: Universal TUN/TAP device driver, 1.6
[    0.623880] PPP generic driver version 2.4.2
[    0.625072] ehci_hcd: USB 2.0 'Enhanced' Host Controller (EHCI) Driver
[    0.626478] ehci-pci: EHCI PCI platform driver
[    0.627272] ehci-platform: EHCI generic platform driver
[    0.628444] ohci_hcd: USB 1.1 'Open' Host Controller (OHCI) Driver
[    0.629569] ohci-pci: OHCI PCI platform driver
[    0.630467] ohci-platform: OHCI generic platform driver
[    0.631628] uhci_hcd: USB Universal Host Controller Interface driver
[    0.633496] i8042: PNP: PS/2 Controller [PNP0303:PS2K,PNP0f03:PS2M] at 0x60,0x64 irq 1,12
[    0.635880] serio: i8042 KBD port at 0x60,0x64 irq 1
[    0.637438] serio: i8042 AUX port at 0x60,0x64 irq 12
[    0.638744] mousedev: PS/2 mouse device common for all mice
[    0.639946] input: AT Translated Set 2 keyboard as /devices/platform/i8042/serio0/input/input2
[    0.641857] rtc_cmos rtc_cmos: rtc core: registered rtc_cmos as rtc0
[    0.643106] rtc_cmos rtc_cmos: alarms up to one day, 114 bytes nvram
[    0.644274] i2c /dev entries driver
[    0.645000] device-mapper: uevent: version 1.0.3
[    0.645913] device-mapper: ioctl: 4.37.0-ioctl (2017-09-20) initialised: dm-devel@redhat.com
[    0.647451] ledtrig-cpu: registered to indicate activity on CPUs
[    0.648648] intel_pmc_core:  initialized
[    0.649509] NET: Registered protocol family 10
[    0.652485] Segment Routing with IPv6
[    0.653338] NET: Registered protocol family 17
[    0.654179] Key type dns_resolver registered
[    0.655028] mce: Using 0 MCE banks
[    0.655675] RAS: Correctable Errors collector initialized.
[    0.656718] sched_clock: Marking stable (656700894, 0)->(805740731, -149039837)
[    0.658134] registered taskstats version 1
[    0.658909] Loading compiled-in X.509 certificates
[    0.661201] Loaded X.509 cert 'Build time autogenerated kernel key: 517b2180bafe62ad6f81db3336688475b28504c0'
[    0.662994] zswap: loaded using pool lzo/zbud
[    0.665672] Key type big_key registered
[    0.666414] Key type trusted registered
[    0.668041] Key type encrypted registered
[    0.668817] AppArmor: AppArmor sha1 policy hashing enabled
[    0.669818] ima: No TPM chip found, activating TPM-bypass! (rc=-19)
[    0.670955] ima: Allocated hash algorithm: sha1
[    0.671790] evm: HMAC attrs: 0x1
[    0.672731]   Magic number: 8:50:181
[    0.673457] rtc_cmos rtc_cmos: setting system clock to 2020-10-27 13:10:02 UTC (1603804202)
[    0.675031] BIOS EDD facility v0.16 2004-Jun-25, 0 devices found
[    0.676122] EDD information not available.
[    0.805249] Freeing unused kernel image memory: 2436K
[    0.812349] Write protecting the kernel read-only data: 20480k
[    0.814554] Freeing unused kernel image memory: 2008K
[    0.815866] Freeing unused kernel image memory: 1872K
[    0.822763] x86/mm: Checked W+X mappings: passed, no W+X pages found.
[    0.824934] x86/mm: Checking user space page tables
[    0.831676] x86/mm: Checked W+X mappings: passed, no W+X pages found.
Loading, please wait...
starting version 237
[    0.909044] e1000: Intel(R) PRO/1000 Network Driver - version 7.3.21-k8-NAPI
[    0.910673] e1000: Copyright (c) 1999-2006 Intel Corporation.
[    0.914966] Fusion MPT base driver 3.04.20
[    0.916134] Copyright (c) 1999-2008 LSI Corporation
[    0.929574] Fusion MPT SPI Host driver 3.04.20
[    0.937521] AVX2 version of gcm_enc/dec engaged.
[    0.939134] AES CTR mode by8 optimization enabled
[    1.121270] input: ImExPS/2 Generic Explorer Mouse as /devices/platform/i8042/serio1/input/input4
[    1.326017] e1000 0000:00:03.0 eth0: (PCI:33MHz:32-bit) 02:3b:b1:b7:71:c1
[    1.327939] e1000 0000:00:03.0 eth0: Intel(R) PRO/1000 Network Connection
[    1.330301] mptbase: ioc0: Initiating bringup
[    1.425126] ioc0: LSI53C1030 A0: Capabilities={Initiator}
[    1.667092] scsi host2: ioc0: LSI53C1030 A0, FwRev=00000000h, Ports=1, MaxQ=256, IRQ=20
[    1.836822] scsi 2:0:0:0: Direct-Access     VBOX     HARDDISK         1.0  PQ: 0 ANSI: 5
[    1.840039] scsi target2:0:0: Beginning Domain Validation
[    1.844907] scsi target2:0:0: Domain Validation skipping write tests
[    1.846512] scsi target2:0:0: Ending Domain Validation
[    1.847834] scsi target2:0:0: asynchronous
[    1.849138] random: fast init done
[    1.850127] scsi 2:0:1:0: Direct-Access     VBOX     HARDDISK         1.0  PQ: 0 ANSI: 5
[    1.852074] scsi target2:0:1: Beginning Domain Validation
[    1.854037] scsi target2:0:1: Domain Validation skipping write tests
[    1.855791] scsi target2:0:1: Ending Domain Validation
[    1.857068] scsi target2:0:1: asynchronous
[    1.861629] random: systemd-udevd: uninitialized urandom read (16 bytes read)
[    1.863137] random: systemd-udevd: uninitialized urandom read (16 bytes read)
[    1.864898] random: systemd-udevd: uninitialized urandom read (16 bytes read)
[    1.866519] sd 2:0:0:0: Attached scsi generic sg0 type 0
[    1.867981] sd 2:0:0:0: [sda] 20971520 512-byte logical blocks: (10.7 GB/10.0 GiB)
[    1.871047] sd 2:0:0:0: [sda] Write Protect is off
[    1.872676] sd 2:0:1:0: Attached scsi generic sg1 type 0
[    1.874095] sd 2:0:1:0: [sdb] 20480 512-byte logical blocks: (10.5 MB/10.0 MiB)
[    1.876069] sd 2:0:1:0: [sdb] Write Protect is off
[    1.881785] sd 2:0:1:0: [sdb] Incomplete mode parameter data
[    1.883288] sd 2:0:1:0: [sdb] Assuming drive cache: write through
[    1.884658] sd 2:0:0:0: [sda] Incomplete mode parameter data
[    1.885769] sd 2:0:0:0: [sda] Assuming drive cache: write through
[    1.902250]  sda: sda1
[    1.907828] sd 2:0:0:0: [sda] Attached SCSI disk
[    1.913785] sd 2:0:1:0: [sdb] Attached SCSI disk
[    2.253357] e1000 0000:00:08.0 eth1: (PCI:33MHz:32-bit) 08:00:27:1f:30:d4
[    2.255602] e1000 0000:00:08.0 eth1: Intel(R) PRO/1000 Network Connection
[    2.258694] e1000 0000:00:08.0 enp0s8: renamed from eth1
[    2.261774] e1000 0000:00:03.0 enp0s3: renamed from eth0
Begin: Loading essential drivers ... [    3.618708] raid6: sse2x1   gen() 13135 MB/s
[    3.664423] raid6: sse2x1   xor()  9519 MB/s
[    3.713488] raid6: sse2x2   gen() 17056 MB/s
[    3.763490] raid6: sse2x2   xor() 12295 MB/s
[    3.814473] raid6: sse2x4   gen() 20455 MB/s
[    3.863431] raid6: sse2x4   xor() 13150 MB/s
[    3.918763] raid6: avx2x1   gen() 30788 MB/s
[    3.966232] raid6: avx2x1   xor() 19116 MB/s
[    4.012086] raid6: avx2x2   gen() 30801 MB/s
[    4.062129] raid6: avx2x2   xor() 21705 MB/s
[    4.112154] raid6: avx2x4   gen() 41234 MB/s
[    4.161420] raid6: avx2x4   xor() 23397 MB/s
[    4.162229] raid6: using algorithm avx2x4 gen() 41234 MB/s
[    4.163210] raid6: .... xor() 23397 MB/s, rmw enabled
[    4.164108] raid6: using avx2x2 recovery algorithm
[    4.166540] xor: automatically using best checksumming function   avx       
[    4.168987] async_tx: api initialized (async)
done.
Begin: Running /scripts/init-premount ... done.
Begin: Mounting root file system ... Begin: Running /scripts/local-top ... done.
Begin: Running /scripts/local-premount ... [    4.211345] Btrfs loaded, crc32c=crc32c-intel
Scanning for Btrfs filesystems
done.
Warning: fsck not present, so skipping root file system
[    4.232873] EXT4-fs (sda1): mounted filesystem with ordered data mode. Opts: (null)
done.
Begin: Running /scripts/local-bottom ... done.
Begin: Running /scripts/init-bottom ... done.
[    4.379168] ip_tables: (C) 2000-2006 Netfilter Core Team
[    4.386706] systemd[1]: systemd 237 running in system mode. (+PAM +AUDIT +SELINUX +IMA +APPARMOR +SMACK +SYSVINIT +UTMP +LIBCRYPTSETUP +GCRYPT +GNUTLS +ACL +XZ +LZ4 +SECCOMP +BLKID +ELFUTILS +KMOD -IDN2 +IDN -PCRE2 default-hierarchy=hybrid)
[    4.390493] systemd[1]: Detected virtualization oracle.
[    4.391738] systemd[1]: Detected architecture x86-64.

Welcome to [1mUbuntu 18.04.5 LTS[0m!

[    4.395586] systemd[1]: Set hostname to <ubuntu>.
[    4.400199] systemd[1]: Initializing machine ID from random generator.
[    4.401400] systemd[1]: Installed transient /etc/machine-id file.
[    4.604752] systemd[1]: Reached target User and Group Name Lookups.
[[0;32m  OK  [0m] Reached target User and Group Name Lookups.
[    4.606900] systemd[1]: Reached target Swap.
[[0;32m  OK  [0m] Reached target Swap.
[    4.608448] systemd[1]: Reached target System Time Synchronized.
[[0;32m  OK  [0m] Reached target System Time Synchronized.
[    4.610883] systemd[1]: Created slice System Slice.
[[0;32m  OK  [0m] Created slice System Slice.
[[0;32m  OK  [0m] Listening on LVM2 poll daemon socket.
[[0;32m  OK  [0m] Listening on udev Control Socket.
[[0;32m  OK  [0m] Listening on Syslog Socket.
[[0;32m  OK  [0m] Listening on Journal Audit Socket.
[[0;32m  OK  [0m] Listening on Device-mapper event daemon FIFOs.
[[0;32m  OK  [0m] Set up automount Arbitrary Executabâ€¦rmats File System Automount Point.
[[0;32m  OK  [0m] Created slice User and Session Slice.
[[0;32m  OK  [0m] Reached target Slices.
[[0;32m  OK  [0m] Listening on LVM2 metadata daemon socket.
[[0;32m  OK  [0m] Listening on Journal Socket (/dev/log).
[[0;32m  OK  [0m] Listening on Network Service Netlink Socket.
[[0;32m  OK  [0m] Listening on udev Kernel Socket.
[[0;32m  OK  [0m] Listening on Journal Socket.
         Starting Journal Service...
         Starting Remount Root and Kernel File Systems...
         Starting Monitoring of LVM2 mirrorsâ€¦ng dmeventd or progress polling...
         Starting udev Coldplug all Devices...
         Mounting POSIX Message Queue File System...
[    4.761278] EXT4-fs (sda1): re-mounted. Opts: (null)
         Starting Set the console keyboard layout...
         Starting Load Kernel Modules...
         Mounting Kernel Debug File System...
[[0;32m  OK  [0m] Listening on /dev/initctl Compatibility Named Pipe.
         Starting Uncomplicated firewall...
         Mounting Huge Pages File System...
[[0;32m  OK  [0m] Created slice system-serial\x2dgetty.slice.
         Starting Create list of required stâ€¦ce nodes for the current kernel...
[[0;32m  OK  [0m] Started Forward Password Requests to Wall Directory Watch.
[[0;32m  OK  [0m] Started Journal Service.
[    4.835980] Loading iSCSI transport class v2.0-870.
[[0;32m  OK  [0m] Started Remount Root and Kernel File Systems.
[    4.844593] iscsi: registered transport (tcp)
[[0;32m  OK  [0m] Mounted POSIX Message Queue File System.
[[0;32m  OK  [0m] Mounted Kernel Debug File System.
[[0;32m  OK  [0m] Mounted Huge Pages File System.
[[0;32m  OK  [0m] Started Uncomplicated firewall.
[    4.886742] iscsi: registered transport (iser)
[[0;32m  OK  [0m] Started Load Kernel Modules.
[[0;32m  OK  [0m] Started Create list of required staâ€¦vice nodes for the current kernel.
[[0;32m  OK  [0m] Started udev Coldplug all Devices.
[[0;32m  OK  [0m] Started LVM2 metadata daemon.
         Starting Create Static Device Nodes in /dev...
         Mounting FUSE Control File System...
         Starting Apply Kernel Variables...
         Mounting Kernel Configuration File System...
         Starting Load/Save Random Seed...
         Starting Flush Journal to Persistent Storage...
[[0;32m  OK  [0m] Started Create Static Device Nodes in /dev.
[[0;32m  OK  [0m] Mounted FUSE Control File System.
[[0;32m  OK  [0m] Mounted Kernel Configuration File System.
[[0;32m  OK  [0m] Started Monitoring of LVM2 mirrors,â€¦sing dmeventd or progress polling.
[[0;32m  OK  [0m] Started Set the console keyboard layout.
[[0;32m  OK  [0m] Started Apply Kernel Variables.
[[0;32m  OK  [0m] Started Load/Save Random Seed.
[[0;32m  OK  [0m] Reached target Local File Systems (Pre).
[[0;32m  OK  [0m] Reached target Local File Systems.
         Starting ebtables ruleset management...
         Starting Tell Plymouth To Write Out Runtime Data...
         Starting Commit a transient machine-id on disk...
         Starting AppArmor initialization...
         Starting Set console font and keymap...
         Starting udev Kernel Device Manager...
[[0;32m  OK  [0m] Started Flush Journal to Persistent Storage.
[[0;32m  OK  [0m] Started Tell Plymouth To Write Out Runtime Data.
         Starting Create Volatile Files and Directories...
[[0;32m  OK  [0m] Started Commit a transient machine-id on disk.
[[0;32m  OK  [0m] Started Set console font and keymap.
[[0;32m  OK  [0m] Started Create Volatile Files and Directories.
         Starting Update UTMP about System Boot/Shutdown...
[[0;32m  OK  [0m] Started Update UTMP about System Boot/Shutdown.
[[0;32m  OK  [0m] Started udev Kernel Device Manager.
[[0;32m  OK  [0m] Started Dispatch Password Requests to Console Directory Watch.
[[0;32m  OK  [0m] Reached target Local Encrypted Volumes.
[[0;32m  OK  [0m] Started ebtables ruleset management.
[[0;32m  OK  [0m] Found device /dev/ttyS0.
[[0;32m  OK  [0m] Listening on Load/Save RF Kill Switch Status /dev/rfkill Watch.
[[0;32m  OK  [0m] Started AppArmor initialization.
         Starting Load AppArmor profiles managed internally by snapd...
         Starting Initial cloud-init job (pre-networking)...
[[0;32m  OK  [0m] Started Load AppArmor profiles managed internally by snapd.
[    7.343352] cloud-init[552]: Cloud-init v. 20.3-2-g371b392c-0ubuntu1~18.04.1 running 'init-local' at Tue, 27 Oct 2020 13:10:08 +0000. Up 7.05 seconds.
[[0;32m  OK  [0m] Started Initial cloud-init job (pre-networking).
[[0;32m  OK  [0m] Reached target Network (Pre).
         Starting Network Service...
[[0;32m  OK  [0m] Started Network Service.
         Starting Wait for Network to be Configured...
         Starting Network Name Resolution...
[[0;32m  OK  [0m] Started Network Name Resolution.
[[0;32m  OK  [0m] Reached target Network.
[[0;32m  OK  [0m] Reached target Host and Network Name Lookups.
[[0;32m  OK  [0m] Started Wait for Network to be Configured.
         Starting Initial cloud-init job (metadata service crawler)...
[    9.338858] cloud-init[663]: Cloud-init v. 20.3-2-g371b392c-0ubuntu1~18.04.1 running 'init' at Tue, 27 Oct 2020 13:10:11 +0000. Up 9.22 seconds.
[    9.340010] cloud-init[663]: ci-info: ++++++++++++++++++++++++++++++++++++++Net device info+++++++++++++++++++++++++++++++++++++++
[    9.341269] cloud-init[663]: ci-info: +--------+-------+----------------------------+---------------+--------+-------------------+
[    9.342545] cloud-init[663]: ci-info: | Device |   Up  |          Address           |      Mask     | Scope  |     Hw-Address    |
[    9.344652] cloud-init[663]: ci-info: +--------+-------+----------------------------+---------------+--------+-------------------+
[    9.348178] cloud-init[663]: ci-info: | enp0s3 |  True |         10.0.2.15          | 255.255.255.0 | global | 02:3b:b1:b7:71:c1 |
[    9.351523] cloud-init[663]: ci-info: | enp0s3 |  True | fe80::3b:b1ff:feb7:71c1/64 |       .       |  link  | 02:3b:b1:b7:71:c1 |
[    9.352888] cloud-init[663]: ci-info: | enp0s8 | False |             .              |       .       |   .    | 08:00:27:1f:30:d4 |
[    9.355047] cloud-init[663]: ci-info: |   lo   |  True |         127.0.0.1          |   255.0.0.0   |  host  |         .         |
[    9.357503] cloud-init[663]: ci-info: |   lo   |  True |          ::1/128           |       .       |  host  |         .         |
[    9.359657] cloud-init[663]: ci-info: +--------+-------+----------------------------+---------------+--------+-------------------+
[    9.361380] cloud-init[663]: ci-info: ++++++++++++++++++++++++++++Route IPv4 info+++++++++++++++++++++++++++++
[    9.363226] cloud-init[663]: ci-info: +-------+-------------+----------+-----------------+-----------+-------+
[    9.368360] cloud-init[663]: ci-info: | Route | Destination | Gateway  |     Genmask     | Interface | Flags |
[    9.369877] cloud-init[663]: ci-info: +-------+-------------+----------+-----------------+-----------+-------+
[    9.372645] cloud-init[663]: ci-info: |   0   |   0.0.0.0   | 10.0.2.2 |     0.0.0.0     |   enp0s3  |   UG  |
[    9.380007] cloud-init[663]: ci-info: |   1   |   10.0.2.0  | 0.0.0.0  |  255.255.255.0  |   enp0s3  |   U   |
[    9.383127] cloud-init[663]: ci-info: |   2   |   10.0.2.2  | 0.0.0.0  | 255.255.255.255 |   enp0s3  |   UH  |
[    9.387223] cloud-init[663]: ci-info: +-------+-------------+----------+-----------------+-----------+-------+
[    9.391823] cloud-init[663]: ci-info: +++++++++++++++++++Route IPv6 info+++++++++++++++++++
[    9.393068] cloud-init[663]: ci-info: +-------+-------------+---------+-----------+-------+
[    9.394619] cloud-init[663]: ci-info: | Route | Destination | Gateway | Interface | Flags |
[    9.397849] cloud-init[663]: ci-info: +-------+-------------+---------+-----------+-------+
[    9.400126] cloud-init[663]: ci-info: |   1   |  fe80::/64  |    ::   |   enp0s3  |   U   |
[    9.401568] cloud-init[663]: ci-info: |   3   |    local    |    ::   |   enp0s3  |   U   |
[    9.412259] cloud-init[663]: ci-info: |   4   |   ff00::/8  |    ::   |   enp0s3  |   U   |
[    9.424263] cloud-init[663]: ci-info: +-------+-------------+---------+-----------+-------+
[   10.006869] cloud-init[663]: Generating public/private rsa key pair.
[   10.016234] cloud-init[663]: Your identification has been saved in /etc/ssh/ssh_host_rsa_key.
[   10.028318] cloud-init[663]: Your public key has been saved in /etc/ssh/ssh_host_rsa_key.pub.
[   10.040655] cloud-init[663]: The key fingerprint is:
[[0;32m  OK  [0m] Started Initial cloud-init job (metadata service crawler).
[[0;32m  OK  [0m] Reached target System Initialization.
[[0;32m  OK  [0m] Listening on UUID daemon activation socket.
[[0;32m  OK  [0m] Listening on D-Bus System Message Bus Socket.
[[0;32m  OK  [0m] Started Discard unused blocks once a week.
[   10.055629] cloud-init[663]: SHA256:uohcA+Eh0lpXAh3L+pu1gFbl4Pw+b+wasExIRw6kMwU root@ubuntu-bionic
         [   10.074382] cloud-init[663]: The key's randomart image is:
[   10.074687] cloud-init[663]: +---[RSA 2048]----+
[   10.074940] cloud-init[663]: |Eo=o+..          |
[   10.076040] Starting LXD - unix socket.
[[0;32m  OK  [0m] Started Message of the Day.
[[0;32m  OK  [0m] Started ACPI Events Check.
[[0;32m  OK  [0m] Listening on Open-iSCSI iscsid Socket.
         Starting Socket activation for snappy daemon.
[[0;32m  OK  [0m] Started Daily apt download activities.
[[0;32m  OK  [0m] Started Daily apt upgrade and clean activities.
[[0;32m  OK  [0m] Listening on ACPID Listen Socket.
[[0;32m  OK  [0mcloud-init[663]: | + =.+           |
[   10.085466] cloud-init[663]: |* * B .          |
[   10.086466] cloud-init[663]: |.O X +           |
[   10.087332] cloud-init[663]: |. = * . S        |
] Started Daily Cleanup of Temporary Directories.
[[0;32m  OK  [0m] Reached target Timers.
[[0;32m  OK  [0m] Reached target Paths.
[[0;32m  OK  [0m] Reached target Network is Online.
[[0;32m  OK  [0m] Reached target Remote File Systems (Pre).
[[0;32m  OK  [0m] Reached target Remote File Systems.
         Starting Availability of block devices...
[[0;32m  OK  [0m] Reached target Cloud-config availability.
[[0;32m  OK  [0m] Listening on LXD - unix socket.
[[0;32m  OK  [0m] Listening on Socket activation for snappy daemon.
[[0;32m  OK  [0m] Started Availability of block devices.
[[0;32m  OK  [0m] Reached target Sockets.
[[0;32m  OK  [0m] Reached target Basic System.
[   10.096279] cloud-init[663]: |   B + .         |
[   10.160306] cloud-init[663]: |  o B =.         |
[   10.161274] cloud-init[663]: | o o O.+o        |
[[0;32m  OK  [0m] Started D-Bus System Message Bus.[   10.176306] cloud-init[663]: |  o + =*o        |
[   10.177402] cloud-init[663]: +----[SHA256]-----+
[   10.178463] cloud-init[663]: Generating public/private dsa key pair.
[   10.179774] cloud-init
[663]: Your identification has been saved in /etc/ssh/ssh_host_dsa_key.
[   10.186693] cloud-init[663]: Your public key has been saved in /etc/ssh/ssh_host_dsa_key.pub.
[   10.192062] cloud-init[663]: The key fingerprint is:
[   10.193781] cloud-init[663]: SHA256:7fTsZTu03lGTJajoPgUm+W+2z/h2zl5qvVvBFKgix7s root@ubuntu-bionic
[   10.194741] cloud-init[663]: The key's randomart image is:
[   10.195513]          Starting Dispatcher daemon for systemd-networkd...
         Starting Pollinate to seed the pseudo random number generator...cloud-init[663]: +---[DSA 1024]----+
[   10.201037] cloud-init[663]: |              .. |
[   10.201999] cloud-init[663]: |             o  .|
[   10.202872] cloud-init[663]: |       ..   o ...|

         Starting Login Service...
         Starting Accounts Service...
[[0;32m  OK  [0m] Started Regular background program processing daemon.
[   10.233570] cloud-init[663]: |      o.o* o  o.o|
[   10.234396] cloud-init[663]: |       +S.*    =.|
[   10.235413]          Starting Snap Daemon...
[[0;32m  OK  [0m] Started irqbalance daemon.
         Starting Permit User Sessions...
cloud-init[663]: |       ..+.o  . +|
         Starting LSB: Record successful boot for GRUB...
[[0;32m  OK  [0m] Started FUSE filesystem for LXC.
[[0;32m  OK  [0m] Started Deferred execution scheduler.
         Starting LSB: automatic crash report generation...
[   10.254210] cloud-init[663]: |        .oo o.o+o|
[   10.272545]          Starting Virtualbox guest utils...
cloud-init[663]: |       ..E++.+==+|
[   10.276949] cloud-init[663]: |        .+o==*B++|
         Starting LXD - container startup/shutdown...
         Starting System Logging Service...
[   10.284398] cloud-init[663]: +----[SHA256]-----+
[[   10.304611] cloud-init[663]: Generating public/private ecdsa key pair.
[   10.305061] cloud-init[663]: Your identification has been saved in /etc/ssh/ssh_host_ecdsa_key.
[   10.305780] cloud-init[663]: Your public key has been saved in /etc/ssh/ssh_host_ecdsa_key.pub.
[   10.307356] cloud-init[663]: The key fingerprint is:
[0;32m  OK  [0m] Started Login Service.
[[0;32m  OK  [0m] Started Unattended Upgrades Shutdown.
[   10.315655] cloud-init[663]: SHA256:tjb+taezGpQOs/l/mpWffVcSHO1h7IC8moNHVxeaEn4 root@ubuntu-bionic
[   10.323701] cloud-init[663]: [[0;32m  OK  [0m] Started Permit User Sessions.
         Starting Hold until boot process finishes up...
The key's randomart image is:
         Starting Terminate Plymouth Boot Screen...
[[0;32m  OK  [0m] Started Hold until boot process finishes up.
[[0;32m  OK  [0m] Started Terminate Plymouth Boot Screen.
[   10.339219]          Starting Set console scheme...
cloud-init[663]: +---[ECDSA 256]---+
[[0;32m  OK  [0m] Started Serial Getty on ttyS0.
[   10.357487] cloud-init[663]: |          ... .o.|
[   10.360650] cloud-init[663]: |          .o.o+=.|
[   10.362409] cloud-init[663]: |           ooE=o.|
[   10.365459] cloud-init[663]: |         . +o o..|
[   10.366945] cloud-init[663]: |        S *    . |
[   10.367693] cloud-init[663]: |       o &    ...|
[   10.371354] cloud-init[663]: |        B + . o..|
[   10.372032] cloud-init[663]: |       o o o.+o.=|
[   10.379300] cloud-init[663]: |        ..+oBB .=|
[   10.384774] cloud-init[663]: +----[SHA256]-----+
[   10.388462] cloud-init[663]: Generating public/private ed25519 key pair.
[   10.393783] cloud-init[663]: Your identification has been saved in /etc/ssh/ssh_host_ed25519_key.
[   10.396172] cloud-init[663]: Your public key has been saved in /etc/ssh/ssh_host_ed25519_key.pub.
[   10.399866] cloud-init[663]: The key fingerprint is:
[   10.401251] cloud-init[663]: SHA256:vWCOnnb5PEK7ncmiMo0Id/AC/Z7Ar44ncVPMeE1K2OQ root@ubuntu-bionic
[   10.409169] cloud-init[663]: The key's randomart image is:
[   10.409700] cloud-init[663]: +--[ED25519 256]--+
[   10.410026] cloud-init[663]: |   +.            |
[   10.410601] cloud-init[663]: |  ..o .          |
[   10.411166] cloud-init[663]: | . =E+           |
[   10.412037] cloud-init[663]: |. + * .  .       |
[   10.418584] cloud-init[663]: | o *    S .      |
[   10.428617] cloud-init[663]: |o B +  +.. .     |
[   10.429679] cloud-init[663]: | = O +...o.      |
[   10.431327] cloud-init[663]: |..o B.o.*+.o     |[[0;32m  OK  [0m] Started System Logging Service.

[   10.442462] cloud-init[663]: |.+o. ++o.=B.     |
[   10.443304] cloud-init[663]: +----[SHA256]-----+
[[0;32m  OK  [0m] Started Set console scheme.
[[0;32m  OK  [0m] Created slice system-getty.slice.
[[0;32m  OK  [0m] Started Getty on tty1.
[[0;32m  OK  [0m] Reached target Login Prompts.
         Starting Authorization Manager...
[[0;32m  OK  [0m] Started LSB: automatic crash report generation.
[[0;32m  OK  [0m] Started LSB: Record successful boot for GRUB.
[[0;32m  OK  [0m] Started Authorization Manager.
[[0;32m  OK  [0m] Started Accounts Service.
[[0;32m  OK  [0m] Started LXD - container startup/shutdown.
[[0;32m  OK  [0m] Started Virtualbox guest utils.
[[0;32m  OK  [0m] Started Dispatcher daemon for systemd-networkd.
[[0;32m  OK  [0m] Started Snap Daemon.
         Starting Wait until snapd is fully seeded...

Ubuntu 18.04.5 LTS ubuntu-bionic ttyS0

ubuntu-bionic login: [   38.567849] cloud-init[2102]: Cloud-init v. 20.3-2-g371b392c-0ubuntu1~18.04.1 running 'modules:config' at Tue, 27 Oct 2020 13:10:39 +0000. Up 38.10 seconds.
ci-info: no authorized SSH keys fingerprints found for user ubuntu.
<14>Oct 27 13:10:40 ec2: 
<14>Oct 27 13:10:40 ec2: #############################################################
<14>Oct 27 13:10:40 ec2: -----BEGIN SSH HOST KEY FINGERPRINTS-----
<14>Oct 27 13:10:40 ec2: 1024 SHA256:7fTsZTu03lGTJajoPgUm+W+2z/h2zl5qvVvBFKgix7s root@ubuntu-bionic (DSA)
<14>Oct 27 13:10:40 ec2: 256 SHA256:tjb+taezGpQOs/l/mpWffVcSHO1h7IC8moNHVxeaEn4 root@ubuntu-bionic (ECDSA)
<14>Oct 27 13:10:40 ec2: 256 SHA256:vWCOnnb5PEK7ncmiMo0Id/AC/Z7Ar44ncVPMeE1K2OQ root@ubuntu-bionic (ED25519)
<14>Oct 27 13:10:40 ec2: 2048 SHA256:uohcA+Eh0lpXAh3L+pu1gFbl4Pw+b+wasExIRw6kMwU root@ubuntu-bionic (RSA)
<14>Oct 27 13:10:40 ec2: -----END SSH HOST KEY FINGERPRINTS-----
<14>Oct 27 13:10:40 ec2: #############################################################
-----BEGIN SSH HOST KEY KEYS-----
ecdsa-sha2-nistp256 AAAAE2VjZHNhLXNoYTItbmlzdHAyNTYAAAAIbmlzdHAyNTYAAABBBOduxHeajzq2IOaqK7AsTU36FVpNAl1xdm5Ke2bawxX4RyW8kH+z3aqGXyW3TpMwKMLZDKLFiYesCaL8PD3aWjs= root@ubuntu-bionic
ssh-ed25519 AAAAC3NzaC1lZDI1NTE5AAAAIESGKsI66O6nesnoTjSWQl7lPuU9rfYpaNw8/tx9rqcu root@ubuntu-bionic
ssh-rsa AAAAB3NzaC1yc2EAAAADAQABAAABAQCkX9b3fvcag+J4Q6UgN7eiOjG10pZWdTuL3xQsMTlpyKrNutprnQYoayoHca4J0m7EBEDkrxD7mGD00tVy97ELCtIbVWIiCAJNV/uIROfRyzKje9XtNLOi5IQZXvKu2OthlK+uoSFVHjGONm94wDAYaRSPTgRHJ0yzvfK3sqEdSZLqT5RRvm7qOmh9gC0ObqhfMAssLIfY91TuRUQkeraaj/1WuFD7yuESvbw4HEA8TX6lwLqT6/WGqo7tr68hyHTp09weWaorljLn8aAi2W/gT6U2e+YVxAG6M6z2+mqNWAHh66hWHZgw1eke6SpGmGbtdF2DKDRILfX4Z5ghTDF3 root@ubuntu-bionic
-----END SSH HOST KEY KEYS-----
[   39.106713] cloud-init[2162]: Cloud-init v. 20.3-2-g371b392c-0ubuntu1~18.04.1 running 'modules:final' at Tue, 27 Oct 2020 13:10:40 +0000. Up 38.93 seconds.
[   39.107209] cloud-init[2162]: ci-info: no authorized SSH keys fingerprints found for user ubuntu.
[   39.107326] cloud-init[2162]: Cloud-init v. 20.3-2-g371b392c-0ubuntu1~18.04.1 finished at Tue, 27 Oct 2020 13:10:40 +0000. Datasource DataSourceNoCloud [seed=/dev/sdb][dsmode=net].  Up 39.10 seconds
